a.cpk
a.flt
a.gru
a.hud
a.plt
a.spc
a.txr
a.wld
b.gru
bridge.obj
bridge2.obj
distrib.lst
dogfight.flt
dogfight.nds
dogfight.wps
droptnk.shp
ed.wld
f84.shp
f84.spc
fly.flt
fly.nds
fly.wps
furball.flt
furball.nds
gru.flt
gru.nds
gru.wld
gru.wps
gru2.flt
gru2.nds
gru2.wld
gru2.wps
gru3.flt
gru3.nds
hanger1.obj
hvar.shp
joy0.def
joy1.def
korea.trn
m43.shp
m64.shp
melee.flt
melee.nds
mig15.shp
mig15.spc
migjump.flt
migjump.nds
p51.shp
p51.spc
pistons.flt
pistons.nds
pyramid.obj
sabre.pil
sabre.shp
sabre.spc
sabre.wpn
sabre.wps
scloud.obj
shoot1.flt
shoot1.nds
shoot1.wps
shoot2.flt
shoot2.nds
shoot2.wps
shoot3.flt
shoot3.wps
simfnt-8x8
simfnt6.fnt
takeoff.flt
takeoff.nds
takeoff.wps
thunder.flt
thunder.nds
todos.lst
truck.obj
truck.shp
yak09.shp
yak09.spc
yakattak.flt
yakattak.nds
dogfight.nds
fly.nds
furball.nds
gru.nds
gru2.nds
gru3.nds
melee.nds
migjump.nds
pistions.nds
pistons.nds
shoot1.nds
shoot2.nds
takeoff.nds
thunder.nds
yakattak.nds
dogfight.grp
fly.grp
furball.grp
gru.grp
gru2.grp
gru3.grp
melee.grp
migjump.grp
pistons.grp
shoot1.grp
shoot2.grp
shoot3.grp
takeoff.grp
thunder.grp
yakattak.grp

